[backblue.gif]
[fade.gif]
[index.html]
[orders.pandaexpress.com/index.html]
[orders.pandaexpress.com/mp/nd/sites/desktop/Dashboard/index.html]
[orders.pandaexpress.com/nd/web/-/footings.js]
[www.google-analytics.com/analytics.js]
[orders.pandaexpress.com/mp/layouts/L1000/base_css/index.css]
[orders.pandaexpress.com/clean.css]
[orders.pandaexpress.com/mp/include/ExtJS/ext-css/index.html]
[orders.pandaexpress.com/nd/web/-/bower_components/jquery-ui/themes/smoothness/jquery-ui.min.css]
[orders.pandaexpress.com/favicon.gif]
[orders.pandaexpress.com/mp/layouts/L1000/base_js/index.js]
[orders.pandaexpress.com/nd/web/-/bower_components/requirejs/require.js]
[orders.pandaexpress.com/mp/include/ExtJS/standalone.js]
[orders.pandaexpress.com/local/siteFiles/images/header-logo.png]
[orders.pandaexpress.com/nd/web/-/config.js]
[orders.pandaexpress.com/local/siteFiles/images/dashboard/start-my-orderc017.png]
[orders.pandaexpress.com/local/siteFiles/images/dashboard/order-with-friendsc017.png]
[orders.pandaexpress.com/local/siteFiles/images/dashboard/catering-ordersc017.png]
[s3.amazonaws.com/PandaExpressWebsite/files/pdf/Nutrition.pdf]
[c1.rfihub.net/js/tc.min.js]
[media.msg.dotomi.com/w/tref6d6.gif]
[bat.bing.com/bat.js]
[pixel.quantserve.com/pixel/p-Y8YJaDWqbZrNU9476.gif]
[www.googleadservices.com/pagead/f.txt]
[10399715.collect.igodigital.com/collect.js]
[orders.pandaexpress.com/mp/nd/sites/desktop/Dashboard/index.html]
[orders.pandaexpress.com/call_center/index.html]
[orders.pandaexpress.com/mp/layouts/L1000/images/information.png]
[orders.pandaexpress.com/mp/layouts/L1000/images/success.png]
[orders.pandaexpress.com/mp/layouts/L1000/images/warning.png]
[orders.pandaexpress.com/mp/layouts/L1000/images/minisite-bullet.png]
[orders.pandaexpress.com/mp/layouts/L1000/images/disclosure-open.png]
[orders.pandaexpress.com/mp/layouts/L1000/images/disclosure-closed.png]
[orders.pandaexpress.com/mp/layouts/L1000/images/gohome.png]
[orders.pandaexpress.com/mp/layouts/L1000/images/deliveryYes.png]
[orders.pandaexpress.com/mp/layouts/L1000/images/pickupYes.png]
[orders.pandaexpress.com/mp/layouts/L1000/images/onlineYes.png]
[orders.pandaexpress.com/mp/layouts/L1000/base_css/index.css]
[orders.pandaexpress.com/mp/include/ExtJS/images/default/s.gif]
[orders.pandaexpress.com/mp/include/ExtJS/images/default/editor/tb-sprite.gif]
[orders.pandaexpress.com/mp/include/ExtJS/images/default/box/tb-blue.gif]
[orders.pandaexpress.com/mp/include/ExtJS/images/default/grid/loading.gif]
[orders.pandaexpress.com/mp/include/ExtJS/images/default/shadow-c.png]
[orders.pandaexpress.com/mp/include/ExtJS/images/default/shadow-lr.png]
[orders.pandaexpress.com/mp/include/ExtJS/images/default/shadow.png]
[orders.pandaexpress.com/mp/include/ExtJS/images/default/tabs/tab-strip-bg.gif]
[orders.pandaexpress.com/mp/include/ExtJS/images/default/tabs/tab-strip-btm-bg.gif]
[orders.pandaexpress.com/mp/include/ExtJS/images/default/tabs/tabs-sprite.gif]
[orders.pandaexpress.com/mp/include/ExtJS/images/default/tabs/tab-btm-inactive-right-bg.gif]
[orders.pandaexpress.com/mp/include/ExtJS/images/default/tabs/tab-btm-inactive-left-bg.gif]
[orders.pandaexpress.com/mp/include/ExtJS/images/default/tabs/tab-btm-over-right-bg.gif]
[orders.pandaexpress.com/mp/include/ExtJS/images/default/tabs/tab-btm-over-left-bg.gif]
[orders.pandaexpress.com/mp/include/ExtJS/images/default/tabs/tab-btm-right-bg.gif]
[orders.pandaexpress.com/mp/include/ExtJS/images/default/tabs/tab-btm-left-bg.gif]
[orders.pandaexpress.com/mp/include/ExtJS/images/default/tabs/tab-close.gif]
[orders.pandaexpress.com/mp/include/ExtJS/images/default/tabs/scroll-left.gif]
[orders.pandaexpress.com/mp/include/ExtJS/images/default/tabs/scroll-right.gif]
[orders.pandaexpress.com/mp/include/ExtJS/images/default/form/text-bg.gif]
[orders.pandaexpress.com/mp/include/ExtJS/images/default/form/trigger.gif]
[orders.pandaexpress.com/mp/include/ExtJS/images/default/form/date-trigger.gif]
[orders.pandaexpress.com/mp/include/ExtJS/images/default/form/clear-trigger.gif]
[orders.pandaexpress.com/mp/include/ExtJS/images/default/form/search-trigger.gif]
[orders.pandaexpress.com/mp/include/ExtJS/images/default/grid/invalid_line.gif]
[orders.pandaexpress.com/mp/include/ExtJS/images/default/shared/warning.gif]
[orders.pandaexpress.com/mp/include/ExtJS/images/default/form/exclamation.gif]
[orders.pandaexpress.com/mp/include/ExtJS/images/default/button/btn.gif]
[orders.pandaexpress.com/mp/include/ExtJS/images/default/button/arrow.gif]
[orders.pandaexpress.com/mp/include/ExtJS/images/default/button/s-arrow.gif]
[orders.pandaexpress.com/mp/include/ExtJS/images/default/button/s-arrow-o.gif]
[orders.pandaexpress.com/mp/include/ExtJS/images/default/button/s-arrow-b-noline.gif]
[orders.pandaexpress.com/mp/include/ExtJS/images/default/button/s-arrow-b.gif]
[orders.pandaexpress.com/mp/include/ExtJS/images/default/button/s-arrow-bo.gif]
[orders.pandaexpress.com/mp/include/ExtJS/images/default/button/group-tb.gif]
[orders.pandaexpress.com/mp/include/ExtJS/images/default/button/group-cs.gif]
[orders.pandaexpress.com/mp/include/ExtJS/images/default/button/group-lr.gif]
[orders.pandaexpress.com/mp/include/ExtJS/images/default/toolbar/bg.gif]
[orders.pandaexpress.com/mp/include/ExtJS/images/default/button/s-arrow-noline.gif]
[orders.pandaexpress.com/mp/include/ExtJS/images/default/grid/grid-blue-split.gif]
[orders.pandaexpress.com/mp/include/ExtJS/images/default/grid/page-first.gif]
[orders.pandaexpress.com/mp/include/ExtJS/images/default/grid/refresh.gif]
[orders.pandaexpress.com/mp/include/ExtJS/images/default/grid/page-last.gif]
[orders.pandaexpress.com/mp/include/ExtJS/images/default/grid/page-next.gif]
[orders.pandaexpress.com/mp/include/ExtJS/images/default/grid/page-prev.gif]
[orders.pandaexpress.com/mp/include/ExtJS/images/default/grid/page-first-disabled.gif]
[orders.pandaexpress.com/mp/include/ExtJS/images/default/grid/page-last-disabled.gif]
[orders.pandaexpress.com/mp/include/ExtJS/images/default/grid/page-next-disabled.gif]
[orders.pandaexpress.com/mp/include/ExtJS/images/default/grid/page-prev-disabled.gif]
[orders.pandaexpress.com/mp/include/ExtJS/images/default/toolbar/more.gif]
[orders.pandaexpress.com/mp/include/ExtJS/images/default/sizer/e-handle.gif]
[orders.pandaexpress.com/mp/include/ExtJS/images/default/sizer/s-handle.gif]
[orders.pandaexpress.com/mp/include/ExtJS/images/default/sizer/se-handle.gif]
[orders.pandaexpress.com/mp/include/ExtJS/images/default/sizer/nw-handle.gif]
[orders.pandaexpress.com/mp/include/ExtJS/images/default/sizer/ne-handle.gif]
[orders.pandaexpress.com/mp/include/ExtJS/images/default/sizer/sw-handle.gif]
[orders.pandaexpress.com/mp/include/ExtJS/images/default/shared/loading-balls.gif]
[orders.pandaexpress.com/mp/include/ExtJS/images/default/grid/row-over.gif]
[orders.pandaexpress.com/mp/include/ExtJS/images/default/grid/grid3-hrow.gif]
[orders.pandaexpress.com/mp/include/ExtJS/images/default/grid/hd-pop.gif]
[orders.pandaexpress.com/mp/include/ExtJS/images/default/grid/grid3-hrow-over.gif]
[orders.pandaexpress.com/mp/include/ExtJS/images/default/grid/sort_asc.gif]
[orders.pandaexpress.com/mp/include/ExtJS/images/default/grid/sort_desc.gif]
[orders.pandaexpress.com/mp/include/ExtJS/images/default/grid/grid-split.gif]
[orders.pandaexpress.com/mp/include/ExtJS/images/default/grid/col-move-top.gif]
[orders.pandaexpress.com/mp/include/ExtJS/images/default/grid/col-move-bottom.gif]
[orders.pandaexpress.com/mp/include/ExtJS/images/default/grid/grid-hrow.gif]
[orders.pandaexpress.com/mp/include/ExtJS/images/default/grid/dirty.gif]
[orders.pandaexpress.com/mp/include/ExtJS/images/default/grid/grid3-special-col-bg.gif]
[orders.pandaexpress.com/mp/include/ExtJS/images/default/grid/hmenu-asc.gif]
[orders.pandaexpress.com/mp/include/ExtJS/images/default/grid/hmenu-desc.gif]
[orders.pandaexpress.com/mp/include/ExtJS/images/default/grid/hmenu-lock.gif]
[orders.pandaexpress.com/mp/include/ExtJS/images/default/grid/hmenu-unlock.gif]
[orders.pandaexpress.com/mp/include/ExtJS/images/default/grid/grid3-hd-btn.gif]
[orders.pandaexpress.com/mp/include/ExtJS/images/default/grid/row-expand-sprite.gif]
[orders.pandaexpress.com/mp/include/ExtJS/images/default/grid/row-check-sprite.gif]
[orders.pandaexpress.com/mp/include/ExtJS/images/default/grid/grid3-special-col-sel-bg.gif]
[orders.pandaexpress.com/mp/include/ExtJS/images/default/menu/unchecked.gif]
[orders.pandaexpress.com/mp/include/ExtJS/images/default/menu/checked.gif]
[orders.pandaexpress.com/mp/include/ExtJS/images/default/grid/group-collapse.gif]
[orders.pandaexpress.com/mp/include/ExtJS/images/default/grid/group-expand.gif]
[orders.pandaexpress.com/mp/include/ExtJS/images/default/grid/group-by.gif]
[orders.pandaexpress.com/mp/include/ExtJS/images/default/grid/columns.gif]
[orders.pandaexpress.com/mp/include/ExtJS/images/default/dd/drop-no.gif]
[orders.pandaexpress.com/mp/include/ExtJS/images/default/dd/drop-yes.gif]
[orders.pandaexpress.com/mp/include/ExtJS/images/default/dd/drop-add.gif]
[orders.pandaexpress.com/mp/include/ExtJS/images/default/tree/folder-open.gif]
[orders.pandaexpress.com/mp/include/ExtJS/images/default/tree/leaf.gif]
[orders.pandaexpress.com/mp/include/ExtJS/images/default/tree/folder.gif]
[orders.pandaexpress.com/mp/include/ExtJS/images/default/tree/loading.gif]
[orders.pandaexpress.com/mp/include/ExtJS/images/default/tree/elbow.gif]
[orders.pandaexpress.com/mp/include/ExtJS/images/default/tree/elbow-plus.gif]
[orders.pandaexpress.com/mp/include/ExtJS/images/default/tree/elbow-minus.gif]
[orders.pandaexpress.com/mp/include/ExtJS/images/default/tree/elbow-end.gif]
[orders.pandaexpress.com/mp/include/ExtJS/images/default/tree/elbow-end-plus.gif]
[orders.pandaexpress.com/mp/include/ExtJS/images/default/tree/elbow-end-minus.gif]
[orders.pandaexpress.com/mp/include/ExtJS/images/default/tree/elbow-line.gif]
[orders.pandaexpress.com/mp/include/ExtJS/images/default/tree/elbow-plus-nl.gif]
[orders.pandaexpress.com/mp/include/ExtJS/images/default/tree/elbow-minus-nl.gif]
[orders.pandaexpress.com/mp/include/ExtJS/images/default/tree/elbow-end-plus-nl.gif]
[orders.pandaexpress.com/mp/include/ExtJS/images/default/tree/elbow-end-minus-nl.gif]
[orders.pandaexpress.com/mp/include/ExtJS/images/default/tree/arrows.gif]
[orders.pandaexpress.com/mp/include/ExtJS/images/default/tree/drop-add.gif]
[orders.pandaexpress.com/mp/include/ExtJS/images/default/tree/drop-over.gif]
[orders.pandaexpress.com/mp/include/ExtJS/images/default/tree/drop-under.gif]
[orders.pandaexpress.com/mp/include/ExtJS/images/default/tree/drop-between.gif]
[orders.pandaexpress.com/mp/include/ExtJS/images/default/shared/hd-sprite.gif]
[orders.pandaexpress.com/mp/include/ExtJS/images/default/toolbar/btn-arrow-light.gif]
[orders.pandaexpress.com/mp/include/ExtJS/images/default/shared/right-btn.gif]
[orders.pandaexpress.com/mp/include/ExtJS/images/default/shared/left-btn.gif]
[orders.pandaexpress.com/mp/include/ExtJS/images/default/shared/glass-bg.gif]
[orders.pandaexpress.com/mp/include/ExtJS/images/default/panel/tool-sprites.gif]
[orders.pandaexpress.com/mp/include/ExtJS/images/default/qtip/close.gif]
[orders.pandaexpress.com/mp/include/ExtJS/images/default/qtip/tip-sprite.gif]
[orders.pandaexpress.com/mp/include/ExtJS/images/default/form/error-tip-corners.gif]
[orders.pandaexpress.com/mp/include/ExtJS/images/default/qtip/tip-anchor-sprite.gif]
[orders.pandaexpress.com/mp/include/ExtJS/images/default/menu/menu.gif]
[orders.pandaexpress.com/mp/include/ExtJS/images/default/menu/menu-parent.gif]
[orders.pandaexpress.com/mp/include/ExtJS/images/default/menu/item-over.gif]
[orders.pandaexpress.com/mp/include/ExtJS/images/default/menu/group-checked.gif]
[orders.pandaexpress.com/mp/include/ExtJS/images/default/layout/mini-top.gif]
[orders.pandaexpress.com/mp/include/ExtJS/images/default/layout/mini-bottom.gif]
[orders.pandaexpress.com/mp/include/ExtJS/images/default/box/corners.gif]
[orders.pandaexpress.com/mp/include/ExtJS/images/default/box/tb.gif]
[orders.pandaexpress.com/mp/include/ExtJS/images/default/box/l.gif]
[orders.pandaexpress.com/mp/include/ExtJS/images/default/box/r.gif]
[orders.pandaexpress.com/mp/include/ExtJS/images/default/box/corners-blue.gif]
[orders.pandaexpress.com/mp/include/ExtJS/images/default/box/l-blue.gif]
[orders.pandaexpress.com/mp/include/ExtJS/images/default/box/r-blue.gif]
[orders.pandaexpress.com/mp/include/ExtJS/images/default/layout/panel-title-light-bg.gif]
[orders.pandaexpress.com/mp/include/ExtJS/images/default/panel/white-top-bottom.gif]
[orders.pandaexpress.com/mp/include/ExtJS/images/default/panel/top-bottom.gif]
[orders.pandaexpress.com/mp/include/ExtJS/images/default/panel/corners-sprite.gif]
[orders.pandaexpress.com/mp/include/ExtJS/images/default/panel/left-right.gif]
[orders.pandaexpress.com/mp/include/ExtJS/images/default/window/top-bottom.png]
[orders.pandaexpress.com/mp/include/ExtJS/images/default/window/left-corners.png]
[orders.pandaexpress.com/mp/include/ExtJS/images/default/window/right-corners.png]
[orders.pandaexpress.com/mp/include/ExtJS/images/default/window/left-right.png]
[orders.pandaexpress.com/mp/include/ExtJS/images/default/panel/light-hd.gif]
[orders.pandaexpress.com/mp/include/ExtJS/images/default/layout/mini-left.gif]
[orders.pandaexpress.com/mp/include/ExtJS/images/default/layout/mini-right.gif]
[orders.pandaexpress.com/mp/include/ExtJS/images/default/qtip/bg.gif]
[orders.pandaexpress.com/mp/include/ExtJS/images/default/progress/progress-bg.gif]
[orders.pandaexpress.com/mp/include/ExtJS/images/default/grid/sort-hd.gif]
[orders.pandaexpress.com/mp/include/ExtJS/images/default/slider/slider-bg.png]
[orders.pandaexpress.com/mp/include/ExtJS/images/default/slider/slider-thumb.png]
[orders.pandaexpress.com/mp/include/ExtJS/images/default/slider/slider-v-bg.png]
[orders.pandaexpress.com/mp/include/ExtJS/images/default/slider/slider-v-thumb.png]
[orders.pandaexpress.com/mp/include/ExtJS/images/default/window/icon-info.gif]
[orders.pandaexpress.com/mp/include/ExtJS/images/default/window/icon-warning.gif]
[orders.pandaexpress.com/mp/include/ExtJS/images/default/window/icon-question.gif]
[orders.pandaexpress.com/mp/include/ExtJS/images/default/window/icon-error.gif]
[orders.pandaexpress.com/mp/include/ExtJS/ext-css/index.html]
[orders.pandaexpress.com/mp/fpSearchBox/images/down_arrow_inactive.png]
[orders.pandaexpress.com/mp/fpSearchBox/images/down_arrow_active.png]
[orders.pandaexpress.com/mp/fpSearchBox/css/images/accept.png]
[orders.pandaexpress.com/mp/fpSearchBox/images/myaccount.png]
[orders.pandaexpress.com/mp/fpSearchBox/images/forgotpassword.png]
[orders.pandaexpress.com/mp/fpSearchBox/images/login.png]
[orders.pandaexpress.com/mp/fpSearchBox/images/delivery.png]
[orders.pandaexpress.com/mp/fpSearchBox/images/cart.png]
[orders.pandaexpress.com/mp/fpSearchBox/images/search.png]
[orders.pandaexpress.com/mp/fpSearchBox/images/information.png]
[orders.pandaexpress.com/mp/fpSearchBox/images/arrow_right.png]
[orders.pandaexpress.com/mp/fpSearchBox/images/guest_add.png]
[orders.pandaexpress.com/mp/fpSearchBox/images/guest_new.png]
[orders.pandaexpress.com/mp/fpSearchBox/images/guest_clear.png]
[orders.pandaexpress.com/mp/fpSearchBox/css/fpOrderNow.css]
[orders.pandaexpress.com/mp/fpSearchBox/css/AlfLite.css]
[orders.pandaexpress.com/local/siteFiles/images/header.jpg]
[orders.pandaexpress.com/local/siteFiles/images/sprite.png]
[orders.pandaexpress.com/local/siteFiles/images/location/notice.png]
[s3.amazonaws.com/PandaExpressWebsite/img/misc/drop-down-bg.jpg]
[s3.amazonaws.com/PandaExpressWebsite/img/misc/drop-down-repeatable.png]
[s3.amazonaws.com/PandaExpressWebsite/img/misc/shadow-left.png]
[s3.amazonaws.com/PandaExpressWebsite/img/misc/shadow-right.png]
[orders.pandaexpress.com/local/siteFiles/images/buttons/clock.png]
[orders.pandaexpress.com/local/siteFiles/images/buttons/carryout.png]
[orders.pandaexpress.com/local/siteFiles/images/buttons/map-pin.png]
[orders.pandaexpress.com/local/siteFiles/images/buttons/person.png]
[orders.pandaexpress.com/local/siteFiles/images/location/favoriteStar.png]
[orders.pandaexpress.com/local/siteFiles/images/location/carIcon.png]
[orders.pandaexpress.com/local/siteFiles/images/location/favoriteStore.png]
[orders.pandaexpress.com/local/siteFiles/images/location/startOrder.png]
[orders.pandaexpress.com/local/siteFiles/images/location/onlineIcon.png]
[orders.pandaexpress.com/local/siteFiles/images/location/horizontalBorder.png]
[orders.pandaexpress.com/local/siteFiles/images/location/verticalBorder2.png]
[orders.pandaexpress.com/local/siteFiles/images/location/driveThru.png]
[orders.pandaexpress.com/local/siteFiles/images/location/onlineOrdering.png]
[orders.pandaexpress.com/local/siteFiles/images/location/divider.png]
[orders.pandaexpress.com/local/siteFiles/images/location/clock.png]
[s3.amazonaws.com/PandaExpressWebsite/img/food/meal-list-bg.png]
[orders.pandaexpress.com/local/siteFiles/fonts/Molot-webfont.eot]
[orders.pandaexpress.com/local/siteFiles/fonts/Molot-webfontd41d.eot]
[orders.pandaexpress.com/local/siteFiles/fonts/Molot-webfont.woff]
[orders.pandaexpress.com/local/siteFiles/fonts/Molot-webfont.ttf]
[orders.pandaexpress.com/local/siteFiles/fonts/Montserrat-Regular-webfont.eot]
[orders.pandaexpress.com/local/siteFiles/fonts/Montserrat-Regular-webfontd41d.eot]
[orders.pandaexpress.com/local/siteFiles/fonts/Montserrat-Regular-webfont.woff]
[orders.pandaexpress.com/local/siteFiles/fonts/Montserrat-Regular-webfont.ttf]
[orders.pandaexpress.com/local/siteFiles/fonts/montserratpanda-regular-webfont.eot]
[orders.pandaexpress.com/local/siteFiles/fonts/montserratpanda-regular-webfontd41d.eot]
[orders.pandaexpress.com/local/siteFiles/fonts/montserratpanda-regular-webfont.woff]
[orders.pandaexpress.com/local/siteFiles/fonts/montserratpanda-regular-webfont.ttf]
[s3.amazonaws.com/PandaExpressWebsite/img/panda-sprite3.png]
[s3.amazonaws.com/PandaExpressWebsite/img/subnav-bg.jpg]
[s3.amazonaws.com/PandaExpressWebsite/img/subnav-on.png]
[orders.pandaexpress.com/local/siteFiles/images/bamboo.png]
[s3.amazonaws.com/PandaExpressWebsite/img/locations/SummerBear.png]
[s3.amazonaws.com/PandaExpressWebsite/files/features/surf-and-turf/SocialBear.png]
[s3.amazonaws.com/PandaExpressWebsite/img/food/menu-nav.png]
[s3.amazonaws.com/PandaExpressWebsite/img/food/label-bg.png]
[s3.amazonaws.com/PandaExpressWebsite/img/company/company-sprite2.png]
[s3.amazonaws.com/PandaExpressWebsite/img/error/404.png]
[s3.amazonaws.com/PandaExpressWebsite/img/connect/formTop.png]
[s3.amazonaws.com/PandaExpressWebsite/img/misc/select-arrow.png]
[s3.amazonaws.com/PandaExpressWebsite/img/misc/gift-card.png]
[s3.amazonaws.com/PandaExpressWebsite/img/connect/connect-sprite.png]
[s3.amazonaws.com/PandaExpressWebsite/img/home/background.gif]
[orders.pandaexpress.com/local/siteFiles/images/location/nonfavoriteStar.png]
[orders.pandaexpress.com/local/siteFiles/images/buttons/icon_calendar.png]
[orders.pandaexpress.com/local/siteFiles/images/buttons/icon_clock.png]
[orders.pandaexpress.com/local/siteFiles/images/collapsed-closed.png]
[orders.pandaexpress.com/local/siteFiles/images/collapsed-open.png]
[orders.pandaexpress.com/local/siteFiles/images/selected-green.png]
[orders.pandaexpress.com/local/siteFiles/images/delete_small.png]
[orders.pandaexpress.com/local/siteFiles/images/slot-separator.png]
[orders.pandaexpress.com/local/siteFiles/images/add-optional-pick-list.png]
[orders.pandaexpress.com/local/siteFiles/images/delete.png]
[orders.pandaexpress.com/local/siteFiles/images/nutrition-info-link.png]
[s3.amazonaws.com/PandaExpressWebsite/img/fundraiser/header-bg.png]
[orders.pandaexpress.com/local/siteFiles/images/extra-cost-tag.png]
[orders.pandaexpress.com/local/styleb2d4.css]
[orders.pandaexpress.com/mp/layouts/L0001/images/btn2.png]
[orders.pandaexpress.com/mp/layouts/L0001/images/shade.png]
[orders.pandaexpress.com/clean.css]
[orders.pandaexpress.com/local/style030c.css]
[orders.pandaexpress.com/nd/web/-/bower_components/jquery-ui/themes/smoothness/jquery-ui.min.css]
[orders.pandaexpress.com/mp/include/ExtJS/standalone.js]
[orders.pandaexpress.com/mp/stdimages/dot.gif]
[orders.pandaexpress.com/login/login_py.html]
[media.msg.dotomi.com/w/treedf6.gif]
[orders.pandaexpress.com/login/register_py.html]
[orders.pandaexpress.com/mp/nd/sites/desktop/StoreLocator/indexa1a2.html]
[orders.pandaexpress.com/mp/nd/sites/desktop/StoreLocator/indexd689.html]
[orders.pandaexpress.com/mp/nd/sites/desktop/StoreLocator/index1344.html]
[orders.pandaexpress.com/mp/nd/sites/desktop/StoreLocator/index1f7b.html]
[orders.pandaexpress.com/mp/nd/views/faqs.html]
[c1.rfihub.com/bannerImg/cross_icon.png]
[c1.rfihub.net/js/tc.min.js]
[mpp.mxptint.net/2/12592/indexa2de.html]
[googleads.g.doubleclick.net/pagead/viewthroughconversion/975964673/indexa96a.html]
[orders.pandaexpress.com/mp/layouts/1000/images/error.html]
[orders.pandaexpress.com/mp/layouts/L1000/images/bullet_toggle_plus.html]
[orders.pandaexpress.com/mp/layouts/L1000/images/bullet_toggle_minus.html]
[orders.pandaexpress.com/mp/layouts/L1000/base_css/close.html]
[orders.pandaexpress.com/mp/layouts/L1000/base_css/spinner.html]
[orders.pandaexpress.com/local/siteFiles/fonts/Molot-webfont.svg]
[orders.pandaexpress.com/local/siteFiles/fonts/Montserrat-Regular-webfont.svg]
[orders.pandaexpress.com/local/siteFiles/fonts/montserratpanda-regular-webfont.svg]
[orders.pandaexpress.com/img/misc/email/bg-top.html]
[orders.pandaexpress.com/img/misc/email/bg-repeater.html]
[orders.pandaexpress.com/img/misc/email/bg-footer.html]
[orders.pandaexpress.com/img/misc/email/embellishment.html]
[orders.pandaexpress.com/images/border.html]
[orders.pandaexpress.com/mp/nd/sites/desktop/Dashboard/this.html]
[swfobject.googlecode.com/svn/trunk/swfobject/expressInstall.html]
[yui.yahooapis.com/2.8.0/build/charts/assets/charts.html]
[orders.pandaexpress.com/local/style.css]
[media.msg.dotomi.com/w/trea924.gif]
[orders.pandaexpress.com/mp/pub/StoreLocator/show_locator.html]
[orders.pandaexpress.com/privacy.html]
[orders.pandaexpress.com/mp/FormValidator/css/information.png]
[orders.pandaexpress.com/mp/FormValidator/css/success.png]
[orders.pandaexpress.com/mp/FormValidator/css/warning.png]
[orders.pandaexpress.com/mp/FormValidator/css/error.png]
[orders.pandaexpress.com/mp/FormValidator/css/css_forms.css]
[orders.pandaexpress.com/mp/fpSearchBox/OrderNow/ordernowExtraJS]
[orders.pandaexpress.com/mp/pub/StoreLocator/locator.js]
[orders.pandaexpress.com/mp/pub/StoreLocator/search.png]
[orders.pandaexpress.com/mp/pub/StoreLocator/locatorb8d1.html]
[orders.pandaexpress.com/mp/common/contactus.html]
[bat.bing.com/action/025e1.html]
[orders.pandaexpress.com/mp/include/yui/reset/reset-min.css]
[orders.pandaexpress.com/mp/fpSearchBox/themes/gray/images/gray/panel/white-top-bottom.gif]
[orders.pandaexpress.com/mp/fpSearchBox/themes/gray/images/default/grid/loading.gif]
[orders.pandaexpress.com/mp/fpSearchBox/themes/gray/images/default/shadow-c.png]
[orders.pandaexpress.com/mp/fpSearchBox/themes/gray/images/default/shadow-lr.png]
[orders.pandaexpress.com/mp/fpSearchBox/themes/gray/images/default/shadow.png]
[orders.pandaexpress.com/mp/fpSearchBox/themes/gray/images/gray/tabs/tab-strip-bg.gif]
[orders.pandaexpress.com/mp/fpSearchBox/themes/gray/images/gray/tabs/tab-strip-btm-bg.gif]
[orders.pandaexpress.com/mp/fpSearchBox/themes/gray/images/gray/tabs/tabs-sprite.gif]
[orders.pandaexpress.com/mp/fpSearchBox/themes/gray/images/gray/tabs/tab-btm-inactive-right-bg.gif]
[orders.pandaexpress.com/mp/fpSearchBox/themes/gray/images/gray/tabs/tab-btm-inactive-left-bg.gif]
[orders.pandaexpress.com/mp/fpSearchBox/themes/gray/images/gray/tabs/tab-btm-over-left-bg.gif]
[orders.pandaexpress.com/mp/fpSearchBox/themes/gray/images/gray/tabs/tab-btm-over-right-bg.gif]
[orders.pandaexpress.com/mp/fpSearchBox/themes/gray/images/gray/tabs/tab-btm-right-bg.gif]
[orders.pandaexpress.com/mp/fpSearchBox/themes/gray/images/gray/tabs/tab-btm-left-bg.gif]
[orders.pandaexpress.com/mp/fpSearchBox/themes/gray/images/gray/tabs/tab-close.gif]
[orders.pandaexpress.com/mp/fpSearchBox/themes/gray/images/gray/tabs/scroll-left.gif]
[orders.pandaexpress.com/mp/fpSearchBox/themes/gray/images/gray/tabs/scroll-right.gif]
[orders.pandaexpress.com/mp/fpSearchBox/themes/gray/images/default/form/text-bg.gif]
[orders.pandaexpress.com/mp/fpSearchBox/themes/gray/images/gray/form/trigger.gif]
[orders.pandaexpress.com/mp/fpSearchBox/themes/gray/images/gray/form/date-trigger.gif]
[orders.pandaexpress.com/mp/fpSearchBox/themes/gray/images/gray/form/clear-trigger.gif]
[orders.pandaexpress.com/mp/fpSearchBox/themes/gray/images/gray/form/search-trigger.gif]
[orders.pandaexpress.com/mp/fpSearchBox/themes/gray/images/default/grid/invalid_line.gif]
[orders.pandaexpress.com/mp/fpSearchBox/themes/gray/images/default/shared/warning.gif]
[orders.pandaexpress.com/mp/fpSearchBox/themes/gray/images/default/form/exclamation.gif]
[orders.pandaexpress.com/mp/fpSearchBox/themes/gray/images/gray/button/btn.gif]
[orders.pandaexpress.com/mp/fpSearchBox/themes/gray/images/default/button/arrow.gif]
[orders.pandaexpress.com/mp/fpSearchBox/themes/gray/images/default/button/s-arrow.gif]
[orders.pandaexpress.com/mp/fpSearchBox/themes/gray/images/gray/button/s-arrow-o.gif]
[orders.pandaexpress.com/mp/fpSearchBox/themes/gray/images/default/button/s-arrow-b-noline.gif]
[orders.pandaexpress.com/mp/fpSearchBox/themes/gray/images/default/button/s-arrow-b.gif]
[orders.pandaexpress.com/mp/fpSearchBox/themes/gray/images/gray/button/s-arrow-bo.gif]
[orders.pandaexpress.com/mp/fpSearchBox/themes/gray/images/gray/button/group-tb.gif]
[orders.pandaexpress.com/mp/fpSearchBox/themes/gray/images/gray/button/group-cs.gif]
[orders.pandaexpress.com/mp/fpSearchBox/themes/gray/images/gray/button/group-lr.gif]
[orders.pandaexpress.com/mp/fpSearchBox/themes/gray/images/gray/toolbar/bg.gif]
[orders.pandaexpress.com/mp/fpSearchBox/themes/gray/images/default/button/s-arrow-noline.gif]
[orders.pandaexpress.com/mp/fpSearchBox/themes/gray/images/default/grid/grid-split.gif]
[orders.pandaexpress.com/mp/fpSearchBox/themes/gray/images/gray/grid/page-first.gif]
[orders.pandaexpress.com/mp/fpSearchBox/themes/gray/images/gray/grid/refresh.gif]
[orders.pandaexpress.com/mp/fpSearchBox/themes/gray/images/gray/grid/page-last.gif]
[orders.pandaexpress.com/mp/fpSearchBox/themes/gray/images/gray/grid/page-next.gif]
[orders.pandaexpress.com/mp/fpSearchBox/themes/gray/images/gray/grid/page-prev.gif]
[orders.pandaexpress.com/mp/fpSearchBox/themes/gray/images/default/grid/page-first-disabled.gif]
[orders.pandaexpress.com/mp/fpSearchBox/themes/gray/images/default/grid/page-last-disabled.gif]
[orders.pandaexpress.com/mp/fpSearchBox/themes/gray/images/default/grid/page-next-disabled.gif]
[orders.pandaexpress.com/mp/fpSearchBox/themes/gray/images/default/grid/page-prev-disabled.gif]
[orders.pandaexpress.com/mp/fpSearchBox/themes/gray/images/gray/toolbar/more.gif]
[orders.pandaexpress.com/mp/fpSearchBox/themes/gray/images/gray/sizer/e-handle.gif]
[orders.pandaexpress.com/mp/fpSearchBox/themes/gray/images/gray/sizer/s-handle.gif]
[orders.pandaexpress.com/mp/fpSearchBox/themes/gray/images/gray/sizer/se-handle.gif]
[orders.pandaexpress.com/mp/fpSearchBox/themes/gray/images/gray/sizer/nw-handle.gif]
[orders.pandaexpress.com/mp/fpSearchBox/themes/gray/images/gray/sizer/ne-handle.gif]
[orders.pandaexpress.com/mp/fpSearchBox/themes/gray/images/gray/sizer/sw-handle.gif]
[orders.pandaexpress.com/mp/fpSearchBox/themes/gray/images/default/shared/loading-balls.gif]
[orders.pandaexpress.com/mp/fpSearchBox/themes/gray/images/default/grid/row-over.gif]
[orders.pandaexpress.com/mp/fpSearchBox/themes/gray/images/gray/grid/grid3-hrow2.gif]
[orders.pandaexpress.com/mp/fpSearchBox/themes/gray/images/default/grid/hd-pop.gif]
[orders.pandaexpress.com/mp/fpSearchBox/themes/gray/images/gray/grid/grid3-hrow-over2.gif]
[orders.pandaexpress.com/mp/fpSearchBox/themes/gray/images/gray/grid/sort_asc.gif]
[orders.pandaexpress.com/mp/fpSearchBox/themes/gray/images/gray/grid/sort_desc.gif]
[orders.pandaexpress.com/mp/fpSearchBox/themes/gray/images/gray/grid/col-move-top.gif]
[orders.pandaexpress.com/mp/fpSearchBox/themes/gray/images/gray/grid/col-move-bottom.gif]
[orders.pandaexpress.com/mp/fpSearchBox/themes/gray/images/default/grid/grid-hrow.gif]
[orders.pandaexpress.com/mp/fpSearchBox/themes/gray/images/default/grid/dirty.gif]
[orders.pandaexpress.com/mp/fpSearchBox/themes/gray/images/default/grid/grid3-special-col-bg.gif]
[orders.pandaexpress.com/mp/fpSearchBox/themes/gray/images/default/grid/hmenu-asc.gif]
[orders.pandaexpress.com/mp/fpSearchBox/themes/gray/images/default/grid/hmenu-desc.gif]
[orders.pandaexpress.com/mp/fpSearchBox/themes/gray/images/default/grid/hmenu-lock.gif]
[orders.pandaexpress.com/mp/fpSearchBox/themes/gray/images/default/grid/hmenu-unlock.gif]
[orders.pandaexpress.com/mp/fpSearchBox/themes/gray/images/gray/grid/grid3-hd-btn.gif]
[orders.pandaexpress.com/mp/fpSearchBox/themes/gray/images/gray/grid/row-expand-sprite.gif]
[orders.pandaexpress.com/mp/fpSearchBox/themes/gray/images/default/grid/row-check-sprite.gif]
[orders.pandaexpress.com/mp/fpSearchBox/themes/gray/images/gray/grid/grid3-special-col-sel-bg.gif]
[orders.pandaexpress.com/mp/fpSearchBox/themes/gray/images/default/menu/unchecked.gif]
[orders.pandaexpress.com/mp/fpSearchBox/themes/gray/images/default/menu/checked.gif]
[orders.pandaexpress.com/mp/fpSearchBox/themes/gray/images/gray/grid/group-collapse.gif]
[orders.pandaexpress.com/mp/fpSearchBox/themes/gray/images/gray/grid/group-expand.gif]
[orders.pandaexpress.com/mp/fpSearchBox/themes/gray/images/default/grid/group-by.gif]
[orders.pandaexpress.com/mp/fpSearchBox/themes/gray/images/default/grid/columns.gif]
[orders.pandaexpress.com/mp/fpSearchBox/themes/gray/images/default/dd/drop-no.gif]
[orders.pandaexpress.com/mp/fpSearchBox/themes/gray/images/default/dd/drop-yes.gif]
[orders.pandaexpress.com/mp/fpSearchBox/themes/gray/images/default/dd/drop-add.gif]
[orders.pandaexpress.com/mp/fpSearchBox/themes/gray/images/default/tree/folder-open.gif]
[orders.pandaexpress.com/mp/fpSearchBox/themes/gray/images/default/tree/leaf.gif]
[orders.pandaexpress.com/mp/fpSearchBox/themes/gray/images/default/tree/folder.gif]
[orders.pandaexpress.com/mp/fpSearchBox/themes/gray/images/default/tree/loading.gif]
[orders.pandaexpress.com/mp/fpSearchBox/themes/gray/images/default/tree/elbow.gif]
[orders.pandaexpress.com/mp/fpSearchBox/themes/gray/images/default/tree/elbow-plus.gif]
[orders.pandaexpress.com/mp/fpSearchBox/themes/gray/images/default/tree/elbow-minus.gif]
[orders.pandaexpress.com/mp/fpSearchBox/themes/gray/images/default/tree/elbow-end.gif]
[orders.pandaexpress.com/mp/fpSearchBox/themes/gray/images/gray/tree/elbow-end-plus.gif]
[orders.pandaexpress.com/mp/fpSearchBox/themes/gray/images/gray/tree/elbow-end-minus.gif]
[orders.pandaexpress.com/mp/fpSearchBox/themes/gray/images/default/tree/elbow-line.gif]
[orders.pandaexpress.com/mp/fpSearchBox/themes/gray/images/default/tree/elbow-plus-nl.gif]
[orders.pandaexpress.com/mp/fpSearchBox/themes/gray/images/default/tree/elbow-minus-nl.gif]
[orders.pandaexpress.com/mp/fpSearchBox/themes/gray/images/gray/tree/elbow-end-plus-nl.gif]
[orders.pandaexpress.com/mp/fpSearchBox/themes/gray/images/gray/tree/elbow-end-minus-nl.gif]
[orders.pandaexpress.com/mp/fpSearchBox/themes/gray/images/gray/tree/arrows.gif]
[orders.pandaexpress.com/mp/fpSearchBox/themes/gray/images/default/tree/drop-add.gif]
[orders.pandaexpress.com/mp/fpSearchBox/themes/gray/images/default/tree/drop-over.gif]
[orders.pandaexpress.com/mp/fpSearchBox/themes/gray/images/default/tree/drop-under.gif]
[orders.pandaexpress.com/mp/fpSearchBox/themes/gray/images/default/tree/drop-between.gif]
[orders.pandaexpress.com/mp/fpSearchBox/themes/gray/images/gray/shared/hd-sprite.gif]
[orders.pandaexpress.com/mp/fpSearchBox/themes/gray/images/gray/toolbar/btn-arrow-light.gif]
[orders.pandaexpress.com/mp/fpSearchBox/themes/gray/images/gray/shared/right-btn.gif]
[orders.pandaexpress.com/mp/fpSearchBox/themes/gray/images/gray/shared/left-btn.gif]
[orders.pandaexpress.com/mp/fpSearchBox/themes/gray/images/gray/panel/tool-sprites.gif]
[orders.pandaexpress.com/mp/fpSearchBox/themes/gray/images/gray/qtip/close.gif]
[orders.pandaexpress.com/mp/fpSearchBox/themes/gray/images/gray/qtip/tip-sprite.gif]
[orders.pandaexpress.com/mp/fpSearchBox/themes/gray/images/default/form/error-tip-corners.gif]
[orders.pandaexpress.com/mp/fpSearchBox/themes/gray/images/gray/qtip/tip-anchor-sprite.gif]
[orders.pandaexpress.com/mp/fpSearchBox/themes/gray/images/default/menu/menu.gif]
[orders.pandaexpress.com/mp/fpSearchBox/themes/gray/images/gray/menu/menu-parent.gif]
[orders.pandaexpress.com/mp/fpSearchBox/themes/gray/images/gray/menu/item-over.gif]
[orders.pandaexpress.com/mp/fpSearchBox/themes/gray/images/gray/menu/group-checked.gif]
[orders.pandaexpress.com/mp/fpSearchBox/themes/gray/images/default/layout/mini-top.gif]
[orders.pandaexpress.com/mp/fpSearchBox/themes/gray/images/default/layout/mini-bottom.gif]
[orders.pandaexpress.com/mp/fpSearchBox/themes/gray/images/default/box/corners.gif]
[orders.pandaexpress.com/mp/fpSearchBox/themes/gray/images/default/box/tb.gif]
[orders.pandaexpress.com/mp/fpSearchBox/themes/gray/images/default/box/l.gif]
[orders.pandaexpress.com/mp/fpSearchBox/themes/gray/images/default/box/r.gif]
[orders.pandaexpress.com/mp/fpSearchBox/themes/gray/images/default/box/corners-blue.gif]
[orders.pandaexpress.com/mp/fpSearchBox/themes/gray/images/default/box/tb-blue.gif]
[orders.pandaexpress.com/mp/fpSearchBox/themes/gray/images/default/box/l-blue.gif]
[orders.pandaexpress.com/mp/fpSearchBox/themes/gray/images/default/box/r-blue.gif]
[orders.pandaexpress.com/mp/fpSearchBox/themes/gray/images/default/layout/panel-title-light-bg.gif]
[orders.pandaexpress.com/mp/fpSearchBox/themes/gray/images/gray/panel/top-bottom.gif]
[orders.pandaexpress.com/mp/fpSearchBox/themes/gray/images/gray/panel/corners-sprite.gif]
[orders.pandaexpress.com/mp/fpSearchBox/themes/gray/images/gray/panel/left-right.gif]
[orders.pandaexpress.com/mp/fpSearchBox/themes/gray/images/gray/window/top-bottom.png]
[orders.pandaexpress.com/mp/fpSearchBox/themes/gray/images/gray/window/left-corners.png]
[orders.pandaexpress.com/mp/fpSearchBox/themes/gray/images/gray/window/right-corners.png]
[orders.pandaexpress.com/mp/fpSearchBox/themes/gray/images/gray/window/left-right.png]
[orders.pandaexpress.com/mp/fpSearchBox/themes/gray/images/default/editor/tb-sprite.gif]
[orders.pandaexpress.com/mp/fpSearchBox/themes/gray/images/gray/panel/light-hd.gif]
[orders.pandaexpress.com/mp/fpSearchBox/themes/gray/images/default/layout/mini-left.gif]
[orders.pandaexpress.com/mp/fpSearchBox/themes/gray/images/default/layout/mini-right.gif]
[orders.pandaexpress.com/mp/fpSearchBox/themes/gray/images/gray/qtip/bg.gif]
[orders.pandaexpress.com/mp/fpSearchBox/themes/gray/images/gray/progress/progress-bg.gif]
[orders.pandaexpress.com/mp/fpSearchBox/themes/gray/images/default/slider/slider-bg.png]
[orders.pandaexpress.com/mp/fpSearchBox/themes/gray/images/gray/slider/slider-thumb.png]
[orders.pandaexpress.com/mp/fpSearchBox/themes/gray/images/default/slider/slider-v-bg.png]
[orders.pandaexpress.com/mp/fpSearchBox/themes/gray/images/gray/slider/slider-v-thumb.png]
[orders.pandaexpress.com/mp/fpSearchBox/themes/gray/images/gray/window/icon-info.gif]
[orders.pandaexpress.com/mp/fpSearchBox/themes/gray/images/gray/window/icon-warning.gif]
[orders.pandaexpress.com/mp/fpSearchBox/themes/gray/images/gray/window/icon-question.gif]
[orders.pandaexpress.com/mp/fpSearchBox/themes/gray/images/gray/window/icon-error.gif]
[orders.pandaexpress.com/mp/fpSearchBox/themes/gray/css/xtheme-gray.css]
[orders.pandaexpress.com/images_menus/PX_button.png]
[orders.pandaexpress.com/local/locator.css]
[orders.pandaexpress.com/mp/fpSearchBox/OrderNow/index.html]
[orders.pandaexpress.com/login/forgottenPassword.html]
[file/C_/Users/sparker/Desktop/3-10-2014 9-21-29 PM.png]
