[backblue.gif]
[fade.gif]
[index.html]
[maxcdn.bootstrapcdn.com/bootstrap/3.3.7/css/bootstrap.min.css]
[cdnjs.cloudflare.com/ajax/libs/magnific-popup.js/1.1.0/magnific-popup.min.css]
[cdnjs.cloudflare.com/ajax/libs/animate.css/3.5.2/animate.min.css]
[s3.amazonaws.com/PandaExpressWebsite/img/favorites/favorites-hdr-desk2.jpg]
[s3.amazonaws.com/PandaExpressWebsite/img/favorites/favorites-hdr-mob3.jpg]
[s3.amazonaws.com/PandaExpressWebsite/Responsive/img/lto/5fs/5FS-Header.jpg]
[s3.amazonaws.com/PandaExpressWebsite/Responsive/img/lto/5fs/woksmart-home-desk.jpg]
[s3.amazonaws.com/PandaExpressWebsite/Responsive/img/lto/5fs/Feature-Banner-Image.jpg]
[s3.amazonaws.com/PandaExpressWebsite/Responsive/img/lto/5fs/5FS-Header-mob.jpg]
[s3.amazonaws.com/PandaExpressWebsite/Responsive/img/lto/5fs/woksmart-home-mob.jpg]
[s3.amazonaws.com/PandaExpressWebsite/Responsive/img/lto/5fs/Feature-Banner-Image-mob.jpg]
[s3.amazonaws.com/PandaExpressWebsite/img/rhcc.jpg]
[pixel.quantserve.com/pixel/p-Y8YJaDWqbZrNU9476.gif]
[10399715.collect.igodigital.com/collect.js]
[connect.facebook.net/en_US/sdk.js]
[platform.twitter.com/widgets.js]
[s3.amazonaws.com/PandaExpressWebsite/img/favorites/fav-menu.jpg]
[s3.amazonaws.com/PandaExpressWebsite/Responsive/img/food/navigation/entrees.jpg]
[s3.amazonaws.com/PandaExpressWebsite/Responsive/img/food/navigation/sidedishes.jpg]
[s3.amazonaws.com/PandaExpressWebsite/Responsive/img/food/navigation/appetizers.jpg]
[s3.amazonaws.com/PandaExpressWebsite/Responsive/img/our-family-story/navigation/Timeline.jpg]
[s3.amazonaws.com/PandaExpressWebsite/Responsive/img/our-family-story/navigation/apahm-thumb.jpg]
[s3.amazonaws.com/PandaExpressWebsite/Responsive/img/our-family-story/navigation/Careers.jpg]
[s3.amazonaws.com/PandaExpressWebsite/Responsive/img/our-family-story/navigation/Panda-Cares.jpg]
[s3.amazonaws.com/PandaExpressWebsite/img/favorites/favorites-title.png]
[s3.amazonaws.com/PandaExpressWebsite/Responsive/img/home/PeggyAndrew.jpg]
[s3.amazonaws.com/PandaExpressWebsite/Responsive/img/home/swag-shop.jpg]
[s3.amazonaws.com/PandaExpressWebsite/Responsive/img/home/Careers.jpg]
[s3.amazonaws.com/PandaExpressWebsite/Responsive/img/home/Catering.jpg]
[s3.amazonaws.com/PandaExpressWebsite/Responsive/img/home/LTO/peking-pork/home-paper-img.jpg]
[s3.amazonaws.com/PandaExpressWebsite/Responsive/img/home/LTO/peking-pork/home-right-freme.jpg]
[s3.amazonaws.com/PandaExpressWebsite/Responsive/img/home/LTO/peking-pork/home-comfordfood.png]
[s3.amazonaws.com/PandaExpressWebsite/Responsive/img/home/LTO/peking-pork/home-dude-full.png]
[s3.amazonaws.com/PandaExpressWebsite/Responsive/img/home/LTO/peking-pork/home-wang-fu-collaboration.png]
[s3.amazonaws.com/PandaExpressWebsite/Responsive/img/home/LTO/peking-pork/home-originality.png]
[s3.amazonaws.com/PandaExpressWebsite/Responsive/img/home/LTO/peking-pork/Take-Out-Box.png]
[s3.amazonaws.com/PandaExpressWebsite/Responsive/img/home/twitter.jpg]
[s3.amazonaws.com/PandaExpressWebsite/Responsive/img/home/facebook.jpg]
[s3.amazonaws.com/PandaExpressWebsite/Responsive/img/home/instagram.jpg]
[www.pandaexpress.com/content/site/frontendjsb5dc]
[ajax.googleapis.com/ajax/libs/jquery/1.11.3/jquery.min.js]
[www.pandaexpress.com/content/site/qaptchajs3b34]
[www.pandaexpress.com/content/qaptcha/qaptcha.jquery.js]
[www.pandaexpress.com/index.html]
[maxcdn.bootstrapcdn.com/bootstrap/3.3.7/css/bootstrap.min.css]
[cdnjs.cloudflare.com/ajax/libs/magnific-popup.js/1.1.0/magnific-popup.min.css]
[cdnjs.cloudflare.com/ajax/libs/animate.css/3.5.2/animate.min.css]
[cdnjs.cloudflare.com/ajax/libs/magnific-popup.js/1.1.0/jquery.magnific-popup.min.js]
[www.pandaexpress.com/content/fonts/montserrat/montserrat-bold-webfont.eot]
[www.pandaexpress.com/content/fonts/montserrat/montserrat-bold-webfontd41d.eot]
[www.pandaexpress.com/content/fonts/montserrat/montserrat-bold-webfont.woff2]
[www.pandaexpress.com/content/fonts/montserrat/montserrat-bold-webfont.woff]
[www.pandaexpress.com/content/fonts/montserrat/montserrat-bold-webfont.ttf]
[www.pandaexpress.com/content/fonts/montserrat/montserrat-regular-webfont.eot]
[www.pandaexpress.com/content/fonts/montserrat/montserrat-regular-webfontd41d.eot]
[www.pandaexpress.com/content/fonts/montserrat/montserrat-regular-webfont.woff2]
[www.pandaexpress.com/content/fonts/montserrat/montserrat-regular-webfont.woff]
[www.pandaexpress.com/content/fonts/montserrat/montserrat-regular-webfont.ttf]
[www.pandaexpress.com/content/fonts/abeezee/abeezee-italic-webfont.eot]
[www.pandaexpress.com/content/fonts/abeezee/abeezee-italic-webfontd41d.eot]
[www.pandaexpress.com/content/fonts/abeezee/abeezee-italic-webfont.woff2]
[www.pandaexpress.com/content/fonts/abeezee/abeezee-italic-webfont.woff]
[www.pandaexpress.com/content/fonts/abeezee/abeezee-italic-webfont.ttf]
[www.pandaexpress.com/content/fonts/montserrat-panda/montserratpanda-bold-webfont.eot]
[www.pandaexpress.com/content/fonts/montserrat-panda/montserratpanda-bold-webfontd41d.eot]
[www.pandaexpress.com/content/fonts/montserrat-panda/montserratpanda-bold-webfont.woff2]
[www.pandaexpress.com/content/fonts/montserrat-panda/montserratpanda-bold-webfont.woff]
[www.pandaexpress.com/content/fonts/montserrat-panda/montserratpanda-bold-webfont.ttf]
[www.pandaexpress.com/content/fonts/montserrat-panda/montserratpanda-regular-webfont.eot]
[www.pandaexpress.com/content/fonts/montserrat-panda/montserratpanda-regular-webfontd41d.eot]
[www.pandaexpress.com/content/fonts/montserrat-panda/montserratpanda-regular-webfont.woff2]
[www.pandaexpress.com/content/fonts/montserrat-panda/montserratpanda-regular-webfont.woff]
[www.pandaexpress.com/content/fonts/montserrat-panda/montserratpanda-regular-webfont.ttf]
[www.pandaexpress.com/content/fonts/eveleth/eveleththin-webfont.eot]
[www.pandaexpress.com/content/fonts/eveleth/eveleththin-webfontd41d.eot]
[www.pandaexpress.com/content/fonts/eveleth/eveleththin-webfont.woff]
[www.pandaexpress.com/content/fonts/eveleth/eveleththin-webfont.ttf]
[www.pandaexpress.com/content/fonts/eveleth/evelethlight-webfont.eot]
[www.pandaexpress.com/content/fonts/eveleth/evelethlight-webfontd41d.eot]
[www.pandaexpress.com/content/fonts/eveleth/evelethlight-webfont.woff]
[www.pandaexpress.com/content/fonts/eveleth/evelethlight-webfont.ttf]
[www.pandaexpress.com/content/fonts/eveleth/evelethregular-webfont.eot]
[www.pandaexpress.com/content/fonts/eveleth/evelethregular-webfontd41d.eot]
[www.pandaexpress.com/content/fonts/eveleth/evelethregular-webfont.woff]
[www.pandaexpress.com/content/fonts/eveleth/evelethregular-webfont.ttf]
[www.pandaexpress.com/content/fonts/eveleth/evelethbold-webfont.eot]
[www.pandaexpress.com/content/fonts/eveleth/evelethbold-webfontd41d.eot]
[www.pandaexpress.com/content/fonts/eveleth/evelethbold-webfont.woff]
[www.pandaexpress.com/content/fonts/eveleth/evelethbold-webfont.ttf]
[www.pandaexpress.com/content/fonts/eveleth/evelethshadow-webfont.eot]
[www.pandaexpress.com/content/fonts/eveleth/evelethshadow-webfontd41d.eot]
[www.pandaexpress.com/content/fonts/eveleth/evelethshadow-webfont.woff]
[www.pandaexpress.com/content/fonts/eveleth/evelethshadow-webfont.ttf]
[www.pandaexpress.com/content/fonts/eveleth-clean/evelethcleanthin-webfont.eot]
[www.pandaexpress.com/content/fonts/eveleth-clean/evelethcleanthin-webfontd41d.eot]
[www.pandaexpress.com/content/fonts/eveleth-clean/evelethcleanthin-webfont.woff]
[www.pandaexpress.com/content/fonts/eveleth-clean/evelethcleanthin-webfont.ttf]
[www.pandaexpress.com/content/fonts/eveleth-clean/evelethclean-webfont.eot]
[www.pandaexpress.com/content/fonts/eveleth-clean/evelethclean-webfontd41d.eot]
[www.pandaexpress.com/content/fonts/eveleth-clean/evelethclean-webfont.woff]
[www.pandaexpress.com/content/fonts/eveleth-clean/evelethclean-webfont.ttf]
[www.pandaexpress.com/content/fonts/eveleth-clean/evelethcleanshadow-webfont.eot]
[www.pandaexpress.com/content/fonts/eveleth-clean/evelethcleanshadow-webfontd41d.eot]
[www.pandaexpress.com/content/fonts/eveleth-clean/evelethcleanshadow-webfont.woff]
[www.pandaexpress.com/content/fonts/eveleth-clean/evelethcleanshadow-webfont.ttf]
[www.pandaexpress.com/content/fonts/eveleth-dot/evelethdotlight-webfont.eot]
[www.pandaexpress.com/content/fonts/eveleth-dot/evelethdotlight-webfontd41d.eot]
[www.pandaexpress.com/content/fonts/eveleth-dot/evelethdotlight-webfont.woff]
[www.pandaexpress.com/content/fonts/eveleth-dot/evelethdotlight-webfont.ttf]
[www.pandaexpress.com/content/fonts/eveleth-dot/evelethdotregular-webfont.eot]
[www.pandaexpress.com/content/fonts/eveleth-dot/evelethdotregular-webfontd41d.eot]
[www.pandaexpress.com/content/fonts/eveleth-dot/evelethdotregular-webfont.woff]
[www.pandaexpress.com/content/fonts/eveleth-dot/evelethdotregular-webfont.ttf]
[www.pandaexpress.com/content/fonts/eveleth-dot/evelethdotbold-webfont.eot]
[www.pandaexpress.com/content/fonts/eveleth-dot/evelethdotbold-webfontd41d.eot]
[www.pandaexpress.com/content/fonts/eveleth-dot/evelethdotbold-webfont.woff]
[www.pandaexpress.com/content/fonts/eveleth-dot/evelethdotbold-webfont.ttf]
[www.pandaexpress.com/content/fonts/eveleth-slant/evelethslantlight-webfont.eot]
[www.pandaexpress.com/content/fonts/eveleth-slant/evelethslantlight-webfontd41d.eot]
[www.pandaexpress.com/content/fonts/eveleth-slant/evelethslantlight-webfont.woff]
[www.pandaexpress.com/content/fonts/eveleth-slant/evelethslantlight-webfont.ttf]
[www.pandaexpress.com/content/fonts/eveleth-slant/evelethslantregular-webfont.eot]
[www.pandaexpress.com/content/fonts/eveleth-slant/evelethslantregular-webfontd41d.eot]
[www.pandaexpress.com/content/fonts/eveleth-slant/evelethslantregular-webfont.woff]
[www.pandaexpress.com/content/fonts/eveleth-slant/evelethslantregular-webfont.ttf]
[www.pandaexpress.com/content/fonts/eveleth-slant/evelethslantbold-webfont.eot]
[www.pandaexpress.com/content/fonts/eveleth-slant/evelethslantbold-webfontd41d.eot]
[www.pandaexpress.com/content/fonts/eveleth-slant/evelethslantbold-webfont.woff]
[www.pandaexpress.com/content/fonts/eveleth-slant/evelethslantbold-webfont.ttf]
[www.pandaexpress.com/content/fonts/icons/icons.eot]
[www.pandaexpress.com/content/fonts/icons/icons.ttf]
[www.pandaexpress.com/content/fonts/icons/icons.woff]
[www.pandaexpress.com/content/fonts/eveleth/evelethshapes-webfont.eot]
[www.pandaexpress.com/content/fonts/eveleth/evelethshapes-webfontd41d.eot]
[www.pandaexpress.com/content/fonts/eveleth/evelethshapes-webfont.woff]
[www.pandaexpress.com/content/fonts/eveleth/evelethshapes-webfont.ttf]
[www.pandaexpress.com/content/fonts/eveleth/evelethicons-webfont.eot]
[www.pandaexpress.com/content/fonts/eveleth/evelethicons-webfontd41d.eot]
[www.pandaexpress.com/content/fonts/eveleth/evelethicons-webfont.woff]
[www.pandaexpress.com/content/fonts/eveleth/evelethicons-webfont.ttf]
[s3.amazonaws.com/PandaExpressWebsite/Responsive/img/home/video-tile.png]
[s3.amazonaws.com/PandaExpressWebsite/Responsive/img/home/bamboo.png]
[s3.amazonaws.com/PandaExpressWebsite/Responsive/img/home/appstore.png]
[s3.amazonaws.com/PandaExpressWebsite/Responsive/img/home/playstore.png]
[s3.amazonaws.com/PandaExpressWebsite/Responsive/img/home/logo.png]
[s3.amazonaws.com/PandaExpressWebsite/Responsive/img/home/bamboo@2x.png]
[s3.amazonaws.com/PandaExpressWebsite/Responsive/img/home/appstore@2x.png]
[s3.amazonaws.com/PandaExpressWebsite/Responsive/img/home/playstore@2x.png]
[s3.amazonaws.com/PandaExpressWebsite/Responsive/img/home/logo@2x.png]
[www.pandaexpress.com/content/site/frontend-css2ac2.css]
[s3.amazonaws.com/PandaExpressWebsite/Responsive/img/fundraiser/bg_draggable_qaptcha.jpg]
[www.pandaexpress.com/content/qaptcha/qaptcha.jquery.css]
[www.googletagmanager.com/gtm5445.html]
[connect.facebook.net/en_US/sdk.js]
[cdnjs.cloudflare.com/ajax/libs/Swiper/3.4.1/css/swiper.min.css]
[www.pandaexpress.com/sitemap.html]
[s3.amazonaws.com/PandaExpressWebsite/Responsive/img/lto/5fs/Menu-Overview-Page-Feature-Banner.jpg]
[s3.amazonaws.com/PandaExpressWebsite/Responsive/img/lto/5fs/Menu-Overview-Page-Feature-Banner-mob.jpg]
[s3.amazonaws.com/PandaExpressWebsite/img/MenuLanding/entrees.jpg]
[s3.amazonaws.com/PandaExpressWebsite/img/MenuLanding/sides.jpg]
[s3.amazonaws.com/PandaExpressWebsite/img/MenuLanding/appetizers.jpg]
[s3.amazonaws.com/PandaExpressWebsite/Responsive/img/food/thumbnails/grid_FortuneCookies.jpg]
[s3.amazonaws.com/PandaExpressWebsite/Responsive/img/teabar/ptb_milktea.jpg]
[s3.amazonaws.com/PandaExpressWebsite/Responsive/img/menu/catering.png]
[s3.amazonaws.com/PandaExpressWebsite/Responsive/img/menu/tea.png]
[s3.amazonaws.com/PandaExpressWebsite/Responsive/img/menu/pdf.png]
[s3.amazonaws.com/PandaExpressWebsite/Responsive/img/menu/wok.png]
[www.pandaexpress.com/menu.html]
[s3.amazonaws.com/PandaExpressWebsite/img/favorites/favorites-header.jpg]
[s3.amazonaws.com/PandaExpressWebsite/img/favorites/favorites-hdr-desk.jpg]
[s3.amazonaws.com/PandaExpressWebsite/img/favorites/OC-Bowl.jpg]
[s3.amazonaws.com/PandaExpressWebsite/img/favorites/TC-Bowl.jpg]
[s3.amazonaws.com/PandaExpressWebsite/img/favorites/SBC-Bowl.jpg]
[s3.amazonaws.com/PandaExpressWebsite/img/favorites/KPC-Bowl.jpg]
[s3.amazonaws.com/PandaExpressWebsite/img/favorites/BB-Bowl.jpg]
[s3.amazonaws.com/PandaExpressWebsite/img/favorites/HWS-Bowl.jpg]
[s3.amazonaws.com/PandaExpressWebsite/img/favorites/Double-OC.jpg]
[s3.amazonaws.com/PandaExpressWebsite/img/favorites/BB-SBC.jpg]
[s3.amazonaws.com/PandaExpressWebsite/img/favorites/SAS-HWS.jpg]
[s3.amazonaws.com/PandaExpressWebsite/img/favorites/OC-BB.jpg]
[s3.amazonaws.com/PandaExpressWebsite/img/favorites/HWS-TC.jpg]
[s3.amazonaws.com/PandaExpressWebsite/img/favorites/KPC-TC.jpg]
[s3.amazonaws.com/PandaExpressWebsite/img/favorites/bowl.png]
[s3.amazonaws.com/PandaExpressWebsite/img/favorites/plate.png]
[s3.amazonaws.com/PandaExpressWebsite/img/favorites/bigger-plate.png]
[s3.amazonaws.com/PandaExpressWebsite/img/favorites/kids-meal.png]
[s3.amazonaws.com/PandaExpressWebsite/img/favorites/family-feast.png]
[s3.amazonaws.com/PandaExpressWebsite/Responsive/img/food/thumbnails/grid_ChowMein.jpg]
[s3.amazonaws.com/PandaExpressWebsite/Responsive/img/food/thumbnails/grid_FriedRice.jpg]
[s3.amazonaws.com/PandaExpressWebsite/Responsive/img/food/thumbnails/grid_MixVeg.jpg]
[s3.amazonaws.com/PandaExpressWebsite/Responsive/img/food/thumbnails/grid_SteamRice.jpg]
[s3.amazonaws.com/PandaExpressWebsite/Responsive/img/food/thumbnails/grid_BrownRice.jpg]
[s3.amazonaws.com/PandaExpressWebsite/Responsive/img/food/thumbnails/grid_OrangeChicken.jpg]
[s3.amazonaws.com/PandaExpressWebsite/Responsive/img/food/thumbnails/grid_PekingPork.jpg]
[s3.amazonaws.com/PandaExpressWebsite/Responsive/img/food/thumbnails/grid_StringBeanChicken.jpg]
[s3.amazonaws.com/PandaExpressWebsite/Responsive/img/food/thumbnails/grid_SweetFireChicken.jpg]
[s3.amazonaws.com/PandaExpressWebsite/Responsive/img/food/thumbnails/grid_KungPaoChicken.jpg]
[s3.amazonaws.com/PandaExpressWebsite/Responsive/img/food/thumbnails/grid_MushroomChicken.jpg]
[s3.amazonaws.com/PandaExpressWebsite/Responsive/img/food/thumbnails/grid_BlackPepperChicken.jpg]
[s3.amazonaws.com/PandaExpressWebsite/Responsive/img/food/thumbnails/grid_TeriyakiChicken.jpg]
[s3.amazonaws.com/PandaExpressWebsite/Responsive/img/food/thumbnails/grid_BroccoliBeef.jpg]
[s3.amazonaws.com/PandaExpressWebsite/Responsive/img/food/thumbnails/grid_ShanghaiAngusSteak.jpg]
[s3.amazonaws.com/PandaExpressWebsite/Responsive/img/food/thumbnails/grid_BeijingBeef.jpg]
[s3.amazonaws.com/PandaExpressWebsite/Responsive/img/food/thumbnails/grid_HoneyWalnutShrimp.jpg]
[s3.amazonaws.com/PandaExpressWebsite/Responsive/img/food/thumbnails/grid_EggplantTofu.jpg]
[s3.amazonaws.com/PandaExpressWebsite/Responsive/img/food/thumbnails/grid_PotStickers.jpg]
[s3.amazonaws.com/PandaExpressWebsite/Responsive/img/food/thumbnails/grid_Rangoons.jpg]
[s3.amazonaws.com/PandaExpressWebsite/Responsive/img/food/thumbnails/grid_EggRolls.jpg]
[s3.amazonaws.com/PandaExpressWebsite/Responsive/img/food/thumbnails/grid_SpringRolls.jpg]
[s3.amazonaws.com/PandaExpressWebsite/Responsive/img/food/thumbnails/grid_CrispyShrimp.jpg]
[www.pandaexpress.com/how-to-order.html]
[maxcdn.bootstrapcdn.com/bootstrap/3.3.7/js/bootstrap.min.js]
[www.pandaexpress.com/menu/entrees.html]
[www.pandaexpress.com/menu/sides.html]
[www.pandaexpress.com/menu/appetizers.html]
[www.pandaexpress.com/how-to-orderd686.html]
[www.pandaexpress.com/menu/desserts.html]
[s3.amazonaws.com/PandaExpressWebsite/Responsive/img/catering/hdr-catering.jpg]
[s3.amazonaws.com/PandaExpressWebsite/Responsive/img/catering/catering-icons.png]
[www.pandaexpress.com/catering.html]
[s3.amazonaws.com/PandaExpressWebsite/Responsive/img/menu/cutting+board-2.jpg]
[s3.amazonaws.com/PandaExpressWebsite/Responsive/img/menu/woksmart-logo.png]
[s3.amazonaws.com/PandaExpressWebsite/Responsive/img/menu/WokSmartIcosMob.png]
[s3.amazonaws.com/PandaExpressWebsite/Responsive/img/menu/WokSmartIcos.png]
[s3.amazonaws.com/PandaExpressWebsite/Responsive/img/food/thumbnails/Five_Flavor_Shrimp_Large.jpg]
[s3.amazonaws.com/PandaExpressWebsite/Responsive/img/food/thumbnails/Five_Flavor_Shrimp_label.png]
[s3.amazonaws.com/PandaExpressWebsite/Responsive/img/food/thumbnails/grid_FiveFlavorShrimp-special.jpg]
[cdnjs.cloudflare.com/ajax/libs/Swiper/3.4.1/js/swiper.min.js]
[s3.amazonaws.com/PandaExpressWebsite/Responsive/img/food/master-of-wok/wok-tweaks.js]
[www.pandaexpress.com/wok-smart.html]
[s3.amazonaws.com/PandaExpressWebsite/Responsive/img/innovation-kitchen/hdr-innovation.jpg]
[cdnjs.cloudflare.com/ajax/libs/jquery/3.1.1/jquery.min.js]
[s3.amazonaws.com/PandaExpressWebsite/Responsive/img/innovation-kitchen/innovation-grid1.jpg]
[s3.amazonaws.com/PandaExpressWebsite/Responsive/img/innovation-kitchen/innovation-grid2.jpg]
[www.pandaexpress.com/innovationkitchen.html]
[s3.amazonaws.com/PandaExpressWebsite/Responsive/img/teabar/hdr-teabar.jpg]
[s3.amazonaws.com/PandaExpressWebsite/Responsive/img/teabar/teabar-icons.png]
[s3.amazonaws.com/PandaExpressWebsite/Responsive/img/teabar/ptb_raspberrygreentea.jpg]
[s3.amazonaws.com/PandaExpressWebsite/Responsive/img/teabar/ptb_lemonade.jpg]
[s3.amazonaws.com/PandaExpressWebsite/Responsive/img/teabar/ptb_brewedtea.jpg]
[www.pandaexpress.com/teabar.html]
[s3.amazonaws.com/PandaExpressWebsite/Responsive/img/innovation-kitchen/PandaExpressConcept.jpg]
[s3.amazonaws.com/PandaExpressWebsite/Responsive/img/innovation/innovation-fade-odd.png]
[s3.amazonaws.com/PandaExpressWebsite/Responsive/img/innovation/innovation-food.jpg]
[static.getchute.com/display-runners/wall/wall.js]
[s3.amazonaws.com/PandaExpressWebsite/Responsive/img/innovation/innovation-look.jpg]
[s3.amazonaws.com/PandaExpressWebsite/Responsive/img/innovation/innovation-sustainability.jpg]
[www.pandaexpress.com/pandasfuture.html]
[s3.amazonaws.com/PandaExpressWebsite/Responsive/img/food/master-of-wok/evergreen.jpg]
[connect.facebook.net/en_US/all.js]
[s3.amazonaws.com/PandaExpressWebsite/Responsive/img/food/master-of-wok/Quality-Ingredients-Image.jpg]
[s3.amazonaws.com/PandaExpressWebsite/Responsive/img/food/master-of-wok/Chinese-Origins-Image.jpg]
[s3.amazonaws.com/PandaExpressWebsite/Responsive/img/food/master-of-wok/m-Wok-Smart-Image.jpg]
[s3.amazonaws.com/PandaExpressWebsite/Responsive/img/food/master-of-wok/Best-of-Both-Woks-Image.jpg]
[s3.amazonaws.com/PandaExpressWebsite/Responsive/img/food/master-of-wok/evergreen-mobile.jpg]
[s3.amazonaws.com/PandaExpressWebsite/Responsive/img/food/master-of-wok/left-arrow.png]
[s3.amazonaws.com/PandaExpressWebsite/Responsive/img/food/master-of-wok/right-arrow.png]
[s3.amazonaws.com/PandaExpressWebsite/Responsive/img/food/master-of-wok/china-map-labels.png]
[s3.amazonaws.com/PandaExpressWebsite/Responsive/img/food/master-of-wok/fb-share-quality.jpg]
[s3.amazonaws.com/PandaExpressWebsite/Responsive/img/food/master-of-wok/fb-share-woksmart.jpg]
[s3.amazonaws.com/PandaExpressWebsite/Responsive/img/food/master-of-wok/fb-share-origins.jpg]
[s3.amazonaws.com/PandaExpressWebsite/Responsive/img/food/master-of-wok/fb-share-both.jpg]
[cdnjs.cloudflare.com/ajax/libs/mustache.js/2.3.0/mustache.min.js]
[s3.amazonaws.com/PandaExpressWebsite/Responsive/img/food/master-of-wok/tweaks.js]
[www.pandaexpress.com/masters-of-flavor.html]
[use.fontawesome.com/b776d64a43.js]
[s3.amazonaws.com/PandaExpressWebsite/Responsive/img/wok/play-button.png]
[s3.amazonaws.com/PandaExpressWebsite/Responsive/img/wok/quote-bg.png]
[s3.amazonaws.com/PandaExpressWebsite/Responsive/img/wok/info-bg.png]
[s3.amazonaws.com/PandaExpressWebsite/Responsive/img/wok/info-bg-right.png]
[s3.amazonaws.com/PandaExpressWebsite/Responsive/img/wok/master-banner.jpg]
[s3.amazonaws.com/PandaExpressWebsite/Responsive/img/wok/video-poster-fire.jpg]
[s3.amazonaws.com/PandaExpressWebsite/Responsive/img/wok/video-poster-rhythm-rev.jpg]
[s3.amazonaws.com/PandaExpressWebsite/Responsive/img/wok/video-poster-wok2.jpg]
[s3.amazonaws.com/PandaExpressWebsite/Responsive/img/wok/video-poster-rhythm.jpg]
[s3.amazonaws.com/PandaExpressWebsite/Responsive/img/wok/video-poster-fire-mob.jpg]
[s3.amazonaws.com/PandaExpressWebsite/Responsive/img/wok/video-poster-rhythm-mob-rev.jpg]
[s3.amazonaws.com/PandaExpressWebsite/Responsive/img/wok/video-poster-wok2-mob.jpg]
[s3.amazonaws.com/PandaExpressWebsite/Responsive/img/wok/video-poster-rhythm-mob.jpg]
[s3.amazonaws.com/PandaExpressWebsite/Responsive/img/wok/master-banner-mob.jpg]
[s3.amazonaws.com/PandaExpressWebsite/Responsive/img/wok/master-work.png]
[www.pandaexpress.com/wok.html]
[www.pandaexpress.com/userlocation.html]
[www.pandaexpress.com/content/scripts/main.js]
[s3.amazonaws.com/PandaExpressWebsite/Responsive/img/our-family-story/andrewpeggy.jpg]
[s3.amazonaws.com/PandaExpressWebsite/Responsive/img/our-family-story/1983.png]
[s3.amazonaws.com/PandaExpressWebsite/Responsive/img/our-family-story/1987.png]
[s3.amazonaws.com/PandaExpressWebsite/Responsive/img/our-family-story/1993.png]
[s3.amazonaws.com/PandaExpressWebsite/Responsive/img/our-family-story/1995.png]
[s3.amazonaws.com/PandaExpressWebsite/Responsive/img/our-family-story/1997.png]
[s3.amazonaws.com/PandaExpressWebsite/Responsive/img/our-family-story/1998.png]
[s3.amazonaws.com/PandaExpressWebsite/Responsive/img/our-family-story/1999.png]
[s3.amazonaws.com/PandaExpressWebsite/Responsive/img/our-family-story/2001.png]
[s3.amazonaws.com/PandaExpressWebsite/Responsive/img/our-family-story/2002.png]
[s3.amazonaws.com/PandaExpressWebsite/Responsive/img/our-family-story/2005.png]
[s3.amazonaws.com/PandaExpressWebsite/Responsive/img/our-family-story/2006.png]
[s3.amazonaws.com/PandaExpressWebsite/Responsive/img/our-family-story/2007.png]
[s3.amazonaws.com/PandaExpressWebsite/Responsive/img/our-family-story/2008.png]
[s3.amazonaws.com/PandaExpressWebsite/Responsive/img/our-family-story/2009.png]
[s3.amazonaws.com/PandaExpressWebsite/Responsive/img/our-family-story/2010.png]
[s3.amazonaws.com/PandaExpressWebsite/Responsive/img/our-family-story/2011.png]
[s3.amazonaws.com/PandaExpressWebsite/Responsive/img/our-family-story/2014.png]
[s3.amazonaws.com/PandaExpressWebsite/Responsive/img/our-family-story/2015.png]
[s3.amazonaws.com/PandaExpressWebsite/Responsive/img/our-family-story/2016.png]
[www.pandaexpress.com/ourfamilystory.html]
[s3.amazonaws.com/PandaExpressWebsite/Responsive/img/apahm/banner.jpg]
[s3.amazonaws.com/PandaExpressWebsite/Responsive/img/apahm/Originality_copy.png]
[s3.amazonaws.com/PandaExpressWebsite/Responsive/img/apahm/believe.jpg]
[s3.amazonaws.com/PandaExpressWebsite/Responsive/img/apahm/believe_mobile.jpg]
[s3.amazonaws.com/PandaExpressWebsite/Responsive/img/apahm/achieve.jpg]
[s3.amazonaws.com/PandaExpressWebsite/Responsive/img/apahm/achieve_mobile.jpg]
[s3.amazonaws.com/PandaExpressWebsite/Responsive/img/apahm/dream.jpg]
[s3.amazonaws.com/PandaExpressWebsite/Responsive/img/apahm/dream_mobile.jpg]
[www.pandaexpress.com/asian-pacific-american-heritage-month.html]
[s3.amazonaws.com/PandaExpressWebsite/Responsive/img/story-panels/hdr-story.jpg]
[s3.amazonaws.com/PandaExpressWebsite/Responsive/img/story-panels/story-panel1.jpg]
[s3.amazonaws.com/PandaExpressWebsite/Responsive/img/story-panels/story-panel2.png]
[s3.amazonaws.com/PandaExpressWebsite/Responsive/img/story-panels/story-panel4.jpg]
[s3.amazonaws.com/PandaExpressWebsite/Responsive/img/story-panels/story-panel3.png]
[s3.amazonaws.com/PandaExpressWebsite/Responsive/img/story-panels/story-panel5.jpg]
[s3.amazonaws.com/PandaExpressWebsite/Responsive/img/story-panels/story-panel6.png]
[www.pandaexpress.com/ourfamilystory/about.html]
[ajax.googleapis.com/ajax/libs/jquery/1.12.4/jquery.min.js]
[secure-ds.serving-sys.com/BurstingScript/EBLoader.js]
[www.pandaexpress.com/american-chinese/images/toggle_icon.png]
[www.pandaexpress.com/american-chinese/images/logo.png]
[www.pandaexpress.com/american-chinese/images/background_1.jpg]
[www.pandaexpress.com/american-chinese/images/background_2.jpg]
[www.pandaexpress.com/american-chinese/images/background_3.jpg]
[www.pandaexpress.com/american-chinese/js/swiper.min.js]
[www.pandaexpress.com/american-chinese/index.html]
[s3.amazonaws.com/PandaExpressWebsite/Responsive/img/fundraiser/hdr-fundraising1.png]
[s3.amazonaws.com/PandaExpressWebsite/Responsive/img/fundraiser/hdr-fundraising2.png]
[www.pandaexpress.com/fundraiser-landing.html]
[www.pandaexpress.com/fundraiserlogin.html]
[www.pandaexpress.com/pandafundraisermember.html]
[www.pandaexpress.com/fundraiserlogin/faq.html]
[www.pandaexpress.com/fundraiserlogin/helpfulfundraisingtips.html]
[www.pandaexpress.com/connectus.html]
[s3.amazonaws.com/PandaExpressWebsite/Responsive/img/innovation-kitchen/600_9442.jpg]
[www.pandaexpress.com/contactus.html]
[www.pandaexpress.com/giftcards.html]
[www.pandaexpress.com/legal.html]
[www.pandaexpress.com/accessibility.html]
[s3.amazonaws.com/PandaExpressWebsite/img/wongfu/comford-body.jpg]
[s3.amazonaws.com/PandaExpressWebsite/img/wongfu/white-pattern.png]
[s3.amazonaws.com/PandaExpressWebsite/img/wongfu/right-bottom-freme.png]
[s3.amazonaws.com/PandaExpressWebsite/img/wongfu/left-top-freme.png]
[s3.amazonaws.com/PandaExpressWebsite/img/wongfu/right-top-freme.png]
[s3.amazonaws.com/PandaExpressWebsite/img/wongfu/comford-body-mob.jpg]
[s3.amazonaws.com/PandaExpressWebsite/img/wongfu/new-ameriaca.png]
[s3.amazonaws.com/PandaExpressWebsite/img/wongfu/comford-food.png]
[s3.amazonaws.com/PandaExpressWebsite/img/wongfu/wang-fu-logo.png]
[s3.amazonaws.com/PandaExpressWebsite/img/wongfu/you-tube.png]
[s3.amazonaws.com/PandaExpressWebsite/img/wongfu/wang-fu-dude.png]
[s3.amazonaws.com/PandaExpressWebsite/img/wongfu/what-do-you.png]
[s3.amazonaws.com/PandaExpressWebsite/img/wongfu/want-to-eat.png]
[s3.amazonaws.com/PandaExpressWebsite/img/wongfu/vidbkgd.jpg]
[s3.amazonaws.com/PandaExpressWebsite/img/wongfu/math_formula.png]
[s3.amazonaws.com/PandaExpressWebsite/img/wongfu/win-the-untimate.png]
[s3.amazonaws.com/PandaExpressWebsite/img/wongfu/stress-relief.png]
[s3.amazonaws.com/PandaExpressWebsite/img/wongfu/think-you-can-make.png]
[s3.amazonaws.com/PandaExpressWebsite/img/wongfu/orange-chicken.png]
[s3.amazonaws.com/PandaExpressWebsite/img/wongfu/Nugget.png]
[s3.amazonaws.com/PandaExpressWebsite/img/wongfu/Chopsticks.png]
[www.pandaexpress.com/wong-fu.html]
[www.pandaexpress.com/content/fonts/montserrat/montserrat-bold-webfont.svg]
[www.pandaexpress.com/content/fonts/montserrat/montserrat-regular-webfont.svg]
[www.pandaexpress.com/content/fonts/abeezee/abeezee-italic-webfont.svg]
[www.pandaexpress.com/content/fonts/montserrat-panda/montserratpanda-bold-webfont.svg]
[www.pandaexpress.com/content/fonts/montserrat-panda/montserratpanda-regular-webfont.svg]
[www.pandaexpress.com/content/fonts/eveleth/eveleththin-webfont.svg]
[www.pandaexpress.com/content/fonts/eveleth/evelethlight-webfont.svg]
[www.pandaexpress.com/content/fonts/eveleth/evelethregular-webfont.svg]
[www.pandaexpress.com/content/fonts/eveleth/evelethbold-webfont.svg]
[www.pandaexpress.com/content/fonts/eveleth/evelethshadow-webfont.svg]
[www.pandaexpress.com/content/fonts/eveleth-clean/evelethcleanthin-webfont.svg]
[www.pandaexpress.com/content/fonts/eveleth-clean/evelethclean-webfont.svg]
[www.pandaexpress.com/content/fonts/eveleth-clean/evelethcleanshadow-webfont.svg]
[www.pandaexpress.com/content/fonts/eveleth-dot/evelethdotlight-webfont.svg]
[www.pandaexpress.com/content/fonts/eveleth-dot/evelethdotregular-webfont.svg]
[www.pandaexpress.com/content/fonts/eveleth-dot/evelethdotbold-webfont.svg]
[www.pandaexpress.com/content/fonts/eveleth-slant/evelethslantlight-webfont.svg]
[www.pandaexpress.com/content/fonts/eveleth-slant/evelethslantregular-webfont.svg]
[www.pandaexpress.com/content/fonts/eveleth-slant/evelethslantbold-webfont.svg]
[www.pandaexpress.com/content/fonts/icons/icons.svg]
[www.pandaexpress.com/content/fonts/eveleth/evelethshapes-webfont.svg]
[www.pandaexpress.com/content/fonts/eveleth/evelethicons-webfont.svg]
[www.pandaexpress.com/content/site/.https_/s3.amazonaws.com/PandaExpressWebsite/Responsive/img/home/bamboo.html]
[www.pandaexpress.com/ABCDEFGHIJKLMNOPQRSTUVWXYZabcdefghijklmnopqrstuvwxyz0123456789+/index.html]
[www.pandaexpress.com/^([^_/indexd41d.html]
[www.pandaexpress.com/restserver.html]
[www.pandaexpress.com/dialog/index.html]
[cdnjs.cloudflare.com/ajax/libs/Swiper/3.4.1/css/swiper.min.css]
[s3.amazonaws.com/PandaExpressWebsite/Responsive/img/food/pdp_OrangeChicken.jpg]
[s3.amazonaws.com/PandaExpressWebsite/Responsive/img/food/facebook-share.png]
[www.pandaexpress.com/menu/entrees/orange-chicken.html]
[s3.amazonaws.com/PandaExpressWebsite/Responsive/img/food/pdp_SweetFireChicken.jpg]
[www.pandaexpress.com/menu/entrees/sweet-fire-chicken-breast.html]
[s3.amazonaws.com/PandaExpressWebsite/Responsive/img/food/pdp_StringBeanChicken.jpg]
[www.pandaexpress.com/menu/entrees/string-bean-chicken-breast.html]
[s3.amazonaws.com/PandaExpressWebsite/Responsive/img/food/pdp_KungPaoChicken.jpg]
[www.pandaexpress.com/menu/entrees/kung-pao-chicken.html]
[s3.amazonaws.com/PandaExpressWebsite/Responsive/img/food/pdp_BroccoliBeef.jpg]
[www.pandaexpress.com/menu/entrees/broccoli-beef.html]
[s3.amazonaws.com/PandaExpressWebsite/Responsive/img/food/pdp_BlackPepperChicken.jpg]
[www.pandaexpress.com/menu/entrees/black-pepper-chicken.html]
[s3.amazonaws.com/PandaExpressWebsite/Responsive/img/food/pdp_HoneyWalnutShrimp.jpg]
[www.pandaexpress.com/menu/entrees/honey-walnut-shrimp.html]
[s3.amazonaws.com/PandaExpressWebsite/Responsive/img/food/pdp_EggplantTofu.jpg]
[www.pandaexpress.com/menu/entrees/eggplant-tofu.html]
[s3.amazonaws.com/PandaExpressWebsite/Responsive/img/food/pdp_ShanghaiAngusSteak.jpg]
[www.pandaexpress.com/menu/entrees/shanghai-angus-steak.html]
[s3.amazonaws.com/PandaExpressWebsite/Responsive/img/food/pdp_BeijingBeef.jpg]
[www.pandaexpress.com/menu/entrees/beijing-beef.html]
[s3.amazonaws.com/PandaExpressWebsite/Responsive/img/food/pdp_TeriyakiChicken.jpg]
[www.pandaexpress.com/menu/entrees/grilled-teriyaki-chicken.html]
[s3.amazonaws.com/PandaExpressWebsite/Responsive/img/food/pdp_MushroomChicken.jpg]
[www.pandaexpress.com/menu/entrees/mushroom-chicken.html]
[s3.amazonaws.com/PandaExpressWebsite/Responsive/img/food/pdp_ChowMein.jpg]
[www.pandaexpress.com/menu/sides/chow-mein.html]
[s3.amazonaws.com/PandaExpressWebsite/Responsive/img/food/pdp_FriedRice.jpg]
[www.pandaexpress.com/menu/sides/fried-rice.html]
[s3.amazonaws.com/PandaExpressWebsite/Responsive/img/food/pdp_MixVeg.jpg]
[www.pandaexpress.com/menu/sides/mixed-veggies.html]
[s3.amazonaws.com/PandaExpressWebsite/Responsive/img/food/pdp_SteamRice.jpg]
[www.pandaexpress.com/menu/sides/white-steamed-rice.html]
[s3.amazonaws.com/PandaExpressWebsite/Responsive/img/food/pdp_BrownRice.jpg]
[www.pandaexpress.com/menu/sides/brown-steamed-rice.html]
[s3.amazonaws.com/PandaExpressWebsite/Responsive/img/food/pdp_PotStickers.jpg]
[www.pandaexpress.com/menu/appetizers/chicken-potsticker.html]
[s3.amazonaws.com/PandaExpressWebsite/Responsive/img/food/pdp_Rangoons.jpg]
[www.pandaexpress.com/menu/appetizers/cream-cheese-rangoon.html]
[s3.amazonaws.com/PandaExpressWebsite/Responsive/img/food/pdp_EggRolls.jpg]
[www.pandaexpress.com/menu/appetizers/chicken-egg-rolls.html]
[s3.amazonaws.com/PandaExpressWebsite/Responsive/img/food/pdp_SpringRolls.jpg]
[www.pandaexpress.com/menu/appetizers/veggie-spring-rolls.html]
[s3.amazonaws.com/PandaExpressWebsite/Responsive/img/food/pdp_CrispyShrimp.jpg]
[www.pandaexpress.com/menu/appetizers/crispy-shrimp.html]
[s3.amazonaws.com/PandaExpressWebsite/Responsive/img/food/pdp_FortuneCookies.jpg]
[www.pandaexpress.com/menu/desserts/fortune-cookies.html]
[www.pandaexpress.com/about.html]
[www.pandaexpress.com/casupplychainact.html]
[s3.amazonaws.com/PandaExpressWebsite/Responsive/img/innovation-kitchen/menu/hdr-innovation.jpg]
[s3.amazonaws.com/PandaExpressWebsite/Responsive/img/innovation-kitchen/menu/icon-menu1.png]
[s3.amazonaws.com/PandaExpressWebsite/Responsive/img/innovation-kitchen/menu/icon-spicy.png]
[s3.amazonaws.com/PandaExpressWebsite/Responsive/img/innovation-kitchen/menu/icon-menu2.png]
[s3.amazonaws.com/PandaExpressWebsite/Responsive/img/innovation-kitchen/menu/icon-extras.png]
[www.pandaexpress.com/innovationkitchenmenu.html]
[www.pandaexpress.com/balance.html]
[www.pandaexpress.com/Legal#PrivacyPolicy.html]
[www.pandaexpress.com/teabar/teabarmenu.html]
[s3.amazonaws.com/PandaExpressWebsite/Responsive/img/food/pdp_PekingPork.jpg]
[www.pandaexpress.com/menu/entrees/peking-pork.html]
[www.pandaexpress.com/meal/print.html]
[connect.facebook.net/en_US/all.js]
[www.pandaexpress.com/masters-of-flavor9127.html]
[www.pandaexpress.com/american-chinese/css/swiper.css]
[www.pandaexpress.com/american-chinese/fonts/montserrat-bold.eot]
[www.pandaexpress.com/american-chinese/fonts/montserrat-boldd41d.eot]
[www.pandaexpress.com/american-chinese/fonts/montserrat-bold.woff2]
[www.pandaexpress.com/american-chinese/fonts/montserrat-bold.woff]
[www.pandaexpress.com/american-chinese/fonts/montserrat-bold.ttf]
[www.pandaexpress.com/american-chinese/fonts/gotham-book.eot]
[www.pandaexpress.com/american-chinese/fonts/gotham-bookd41d.eot]
[www.pandaexpress.com/american-chinese/fonts/gotham-book.woff2]
[www.pandaexpress.com/american-chinese/fonts/gotham-book.woff]
[www.pandaexpress.com/american-chinese/fonts/gotham-book.ttf]
[www.pandaexpress.com/american-chinese/images/sound_btn.png]
[s3.amazonaws.com/PandaExpressWebsite/ac/images/down-arrow.png]
[s3.amazonaws.com/PandaExpressWebsite/ac/images/up-arrow.png]
[s3.amazonaws.com/PandaExpressWebsite/ac/images/testimonial-bgx1600.jpg]
[s3.amazonaws.com/PandaExpressWebsite/ac/images/row_bg3x1600.jpg]
[s3.amazonaws.com/PandaExpressWebsite/ac/images/steve-40000.jpg]
[www.pandaexpress.com/american-chinese/css/style.css]
[www.pandaexpress.com/american-chinese/css/media.css]
[www.pandaexpress.com/american-chinese/css/bootstrap.css]
[www.pandaexpress.com/fundraiserlogin#/index.html]
[www.pandaexpress.com/fundraiserinquiry.html]
[www.pandaexpress.com/pandafundraiser/fundraiserfaq.html]
[www.pandaexpress.com/pandafundraiser/helpfulfundraisingtips.html]
[www.pandaexpress.com/giftcards/order.html]
[www.pandaexpress.com/giftcards/balance.html]
[www.pandaexpress.com/mykindacomfort-terms-conditions.html]
[www.pandaexpress.com/%s/profile4d6d.html]
[www.pandaexpress.com/masters-of-flavor61df.html]
[www.pandaexpress.com/american-chinese/fonts/montserrat-bold.svg]
[www.pandaexpress.com/american-chinese/fonts/gotham-book.svg]
[www.pandaexpress.com/american-chinese/fonts/glyphicons-halflings-regular.html]
[www.pandaexpress.com/american-chinese/fonts/glyphicons-halflings-regulard41d.html]
[www.pandaexpress.com/american-chinese/fonts/glyphicons-halflings-regular-2.html]
[www.pandaexpress.com/american-chinese/fonts/glyphicons-halflings-regular-3.html]
[www.pandaexpress.com/american-chinese/fonts/glyphicons-halflings-regular-4.html]
[www.pandaexpress.com/american-chinese/fonts/glyphicons-halflings-regular-5.html]
[www.pandaexpress.com/content/fonts/bryantpro/bryantpro-bold-webfont.eot]
[www.pandaexpress.com/content/fonts/bryantpro/bryantpro-bold-webfontd41d.eot]
[www.pandaexpress.com/content/fonts/bryantpro/bryantpro-bold-webfont.woff2]
[www.pandaexpress.com/content/fonts/bryantpro/bryantpro-bold-webfont.woff]
[www.pandaexpress.com/content/fonts/bryantpro/bryantpro-bold-webfont.ttf]
[www.pandaexpress.com/content/fonts/bryantpro/bryantpro-medium-webfont.eot]
[www.pandaexpress.com/content/fonts/bryantpro/bryantpro-medium-webfontd41d.eot]
[www.pandaexpress.com/content/fonts/bryantpro/bryantpro-medium-webfont.woff2]
[www.pandaexpress.com/content/fonts/bryantpro/bryantpro-medium-webfont.woff]
[www.pandaexpress.com/content/fonts/bryantpro/bryantpro-medium-webfont.ttf]
[www.pandaexpress.com/content/fonts/bryantpro/bryantpro-regular-webfont.eot]
[www.pandaexpress.com/content/fonts/bryantpro/bryantpro-regular-webfontd41d.eot]
[www.pandaexpress.com/content/fonts/bryantpro/bryantpro-regular-webfont.woff2]
[www.pandaexpress.com/content/fonts/bryantpro/bryantpro-regular-webfont.woff]
[www.pandaexpress.com/content/fonts/bryantpro/bryantpro-regular-webfont.ttf]
[s3.amazonaws.com/PandaExpressWebsite/Responsive/img/fundraiser-flyer/logo-white@2x.png]
[www.pandaexpress.com/pandafundraiser/flyer0c7d.html]
[www.pandaexpress.com/content/fonts/bryantpro/bryantpro-bold-webfont.svg]
[www.pandaexpress.com/content/fonts/bryantpro/bryantpro-medium-webfont.svg]
[www.pandaexpress.com/content/fonts/bryantpro/bryantpro-regular-webfont.svg]
